// Vitest Snapshot v1, https://vitest.dev/guide/snapshot.html

exports[`snapshot 1`] = `
[
  {
    "x": 33,
    "y": 44,
  },
  {
    "x": -27,
    "y": -36,
  },
  {
    "x": 9,
    "y": 12,
  },
  5,
  45,
  {
    "x": 1,
    "y": 0,
  },
  {
    "x": 16.5,
    "y": 22,
  },
]
`;
