// Vitest Snapshot v1, https://vitest.dev/guide/snapshot.html

exports[`bottomRight 1`] = `
{
  "x": 133,
  "y": 457,
}
`;

exports[`boundingBox > random 1`] = `
{
  "pos": {
    "x": -1,
    "y": 1,
  },
  "size": {
    "x": 15,
    "y": 16,
  },
}
`;
